sample_files/b2_math_before.h sample_files/b2_math_after.h
ccbd784fa7df5d317fce588ac477956a  -

sample_files/bad_combine_before.rs sample_files/bad_combine_after.rs
affa06f407f8e07bc025c24e96d01298  -

sample_files/change_outer_before.el sample_files/change_outer_after.el
4d202515307556b443806ea25aac0b84  -

sample_files/chinese_before.po sample_files/chinese_after.po
2dc07e384e0f3c8f0cf5206d67f9103c  -

sample_files/clojure_before.clj sample_files/clojure_after.clj
b8e17b8eb649ba0b8d29b57a23e4ac81  -

sample_files/comma_before.js sample_files/comma_after.js
e615c73ff860651f7749dc13cb3f110f  -

sample_files/comments_before.rs sample_files/comments_after.rs
70db55f8e3539241a990264f1516de72  -

sample_files/context_before.rs sample_files/context_after.rs
c46ab793523259a6a239912c079724d7  -

sample_files/contiguous_before.js sample_files/contiguous_after.js
3f25fc8b89b238fd6e7f92eb555f3d27  -

sample_files/css_before.css sample_files/css_after.css
88fc058cc85188f78399a54d23f6268f  -

sample_files/dart_before.dart sample_files/dart_after.dart
cb051f6adc4238724f4ec06398713a12  -

sample_files/elisp_before.el sample_files/elisp_after.el
5d9a1d3d283231d3bb4d7368fae042bf  -

sample_files/elisp_contiguous_before.el sample_files/elisp_contiguous_after.el
6deea81ba2f97c09ae773777c53af05e  -

sample_files/elm_before.elm sample_files/elm_after.elm
5cb3ab8c2e0a3ed534f0aa06a54568b4  -

sample_files/elvish_before.elv sample_files/elvish_after.elv
dd6575e62ddbb4604de8e5dae7991815  -

sample_files/hack_before.php sample_files/hack_after.php
83d4a92c596b5d465ff024aa1b30be92  -

sample_files/hare_before.ha sample_files/hare_after.ha
2af3b9897290b3652d7aef626d5787e6  -

sample_files/haskell_before.hs sample_files/haskell_after.hs
0cefa44fdf56edf504f50506bbcded4e  -

sample_files/hcl_before.hcl sample_files/hcl_after.hcl
a4ea20cd83edd64e6df846c6c4d29fbc  -

sample_files/helpful_before.el sample_files/helpful_after.el
7fa93d09c48af043adb40000c38b8362  -

sample_files/helpful-unit-test-before.el sample_files/helpful-unit-test-after.el
ce09e8127c21b8c186cd8a2143035b28  -

sample_files/html_before.html sample_files/html_after.html
bc74f6e9dce3ee8bdc959fbc61c05947  -

sample_files/html_simple_before.html sample_files/html_simple_after.html
ce3bfa12bc21d0eb5528766e18387e86  -

sample_files/huge_cpp_before.cpp sample_files/huge_cpp_after.cpp
94a49575858e6400ac95b80e5bc52dfe  -

sample_files/identical_before.scala sample_files/identical_after.scala
9c7319f61833e46a0a8cb6c01cc997c9  -

sample_files/if_before.py sample_files/if_after.py
0a2d19c153f43bb7e683e3b531325533  -

sample_files/janet_before.janet sample_files/janet_after.janet
d61e3fb8c84f30c327555d477bdf609a  -

sample_files/java_before.java sample_files/java_after.java
96fabae990d201558531d24b777ca8f5  -

sample_files/javascript_before.js sample_files/javascript_after.js
9bf6b9497a951619f3c74bce5336e4d5  -

sample_files/javascript_simple_before.js sample_files/javascript_simple_after.js
53725de32eabe5ff5a9230bd30cae28a  -

sample_files/json_before.json sample_files/json_after.json
bae479fb04e15baf9460c5274c77963b  -

sample_files/jsx_before.jsx sample_files/jsx_after.jsx
5784f67cac95fcdb621751aa80a3402b  -

sample_files/julia_before.jl sample_files/julia_after.jl
d5097685d55f12afeb369645c055fe65  -

sample_files/load_before.js sample_files/load_after.js
77aeef544522ce5712f80eaab9446835  -

sample_files/lua_before.lua sample_files/lua_after.lua
9886d61f459cdf566be9c42f7fa61a12  -

sample_files/metadata_before.clj sample_files/metadata_after.clj
8464059b3e1bb3b7109020386fc2985b  -

sample_files/modules_before.ml sample_files/modules_after.ml
7e578048e01b2c9eccf26c055c0eb9fd  -

sample_files/multibyte_before.py sample_files/multibyte_after.py
4f06087b10fec86e4cf323aa228afff5  -

sample_files/multiline_string_before.ml sample_files/multiline_string_after.ml
ba135b1451962f563ce8c2f449a904bf  -

sample_files/nest_before.rs sample_files/nest_after.rs
a8d0454af5275807d425cdfa2d08dce8  -

sample_files/nested_slider_before.rs sample_files/nested_slider_after.rs
5c3dc3d870cdf182658da6a29650d911  -

sample_files/nesting_before.el sample_files/nesting_after.el
9fcf6b8adf148cdae47bc3a5f8068e41  -

sample_files/nix_before.nix sample_files/nix_after.nix
09a56752c1eb7f3f5c10d631a01973fc  -

sample_files/ocaml_before.ml sample_files/ocaml_after.ml
53146610a48e80bf52e845110307c83d  -

sample_files/outer_delimiter_before.el sample_files/outer_delimiter_after.el
c1e6be2d581ef439a3106aadb49cc1dc  -

sample_files/pascal_before.pascal sample_files/pascal_after.pascal
dfea5599b7f5e180d0fafab326f612cc  -

sample_files/perl_before.pl sample_files/perl_after.pl
dee83b2433974ee8ac13a7d3febac7fa  -

sample_files/prefer_outer_before.el sample_files/prefer_outer_after.el
de31a80dc8a06987aeff4aaa04ce3b87  -

sample_files/preprocesor_before.h sample_files/preprocesor_after.h
6ac348ddeb559c44f4310bf98e6548b6  -

sample_files/qml_before.qml sample_files/qml_after.qml
2e73193b1a4b37a7a97a35d6c0500377  -

sample_files/ruby_before.rb sample_files/ruby_after.rb
d8761ee6b94b48304e5592c92b0e3a0b  -

sample_files/scala_before.scala sample_files/scala_after.scala
dc36b671167f2b16c7800808d07197ee  -

sample_files/Session_before.kt sample_files/Session_after.kt
9def134da4bbc423a1fde93001618776  -

sample_files/simple_before.js sample_files/simple_after.js
43feeac1f3afe2c0c0b862009770f27a  -

sample_files/simple_before.txt sample_files/simple_after.txt
ecd793ba8d0f600bdfff973db7b12731  -

sample_files/slider_at_end_before.json sample_files/slider_at_end_after.json
fa3abd8106fe83760b68a85eca3d10dd  -

sample_files/slider_before.rs sample_files/slider_after.rs
52e0f2e690d11ef6f38704b8cee84d36  -

sample_files/slow_before.rs sample_files/slow_after.rs
f67aeacbc7164dd076a9a6d6fe0413be  -

sample_files/small_before.js sample_files/small_after.js
b4300bfc0203acd8f2603b504b859dc8  -

sample_files/swift_before.swift sample_files/swift_after.swift
4285db52158468d58d54115b6cb8f29b  -

sample_files/syntax_error_before.js sample_files/syntax_error_after.js
867bfe1d9a53c85832334c8c229044e8  -

sample_files/tab_before.c sample_files/tab_after.c
b652d15f3a05b82a7d871cfeca2f453f  -

sample_files/tailwind_before.css sample_files/tailwind_after.css
2004624b277da0ca8f249b7787b264b5  -

sample_files/text_before.txt sample_files/text_after.txt
5fbdac2d1156ed8bb6b098e87f30d319  -

sample_files/todomvc_before.gleam sample_files/todomvc_after.gleam
1c5eab9a743c434bce3903ae22e7026c  -

sample_files/toml_before.toml sample_files/toml_after.toml
76cec49cfea2a878b036a6cc56677797  -

sample_files/typing_before.ml sample_files/typing_after.ml
a57a2fa9f269fcca74405574dba3713a  -

sample_files/utf16_before.py sample_files/utf16_after.py
3d4e36306f4bae1fa1a3d800de413726  -

sample_files/whitespace_before.tsx sample_files/whitespace_after.tsx
49ed560e481c23633a00cce3674d0985  -

sample_files/yaml_before.yaml sample_files/yaml_after.yaml
a40489d7b2f061419d2b193b7e1b3da2  -

sample_files/zig_before.zig sample_files/zig_after.zig
0905e014fc9157d90059ae207a202001  -

